[3452:29300:0823/100843.772:WARNING:chrome_main_delegate.cc(745)] This is Chrome version 128.0.6613.138 (not a warning)
[3452:24640:0823/100843.869:ERROR:google_update_settings.cc(265)] Failed opening key Software\Chromium to set usagestats; result: 5
[3452:29300:0823/100843.883:WARNING:account_consistency_mode_manager.cc(77)] Desktop Identity Consistency cannot be enabled as no OAuth client ID and client secret have been configured.
[3452:29300:0823/100853.449:ERROR:device_event_log_impl.cc(196)] [10:08:53.358] USB: usb_service_win.cc:105 SetupDiGetDeviceProperty({{A45C254E-DF1C-4EFD-8020-67D146A850E0}, 6}) failed: 找不到元素。 (0x490)
[32052:19108:0823/100854.472:WARNING:frame_impl.cc(430)] virtual CefFrameImpl::SendProcessMessage sent to detached frame 5-56DD130B23DB5E54BC378E8DD432A303 will be ignored
[34536:3868:0823/100855.620:WARNING:codec.cc(525)] Explicitly added H264 constrained baseline to list of supported formats.
[34536:23056:0823/100855.657:WARNING:codec.cc(525)] Explicitly added H264 constrained baseline to list of supported formats.
[34536:23056:0823/100855.657:WARNING:codec.cc(525)] Explicitly added H264 constrained baseline to list of supported formats.
[34536:23056:0823/100855.658:WARNING:codec.cc(525)] Explicitly added H264 constrained baseline to list of supported formats.
[3452:34704:0823/100856.481:WARNING:browser_info.cc(345)] Returning a speculative frame for [8,9]
[3452:29300:0823/100857.805:WARNING:browser_info.cc(345)] Returning a speculative frame for [9,9]
[3452:29300:0823/100857.805:WARNING:browser_info.cc(345)] Returning a speculative frame for [9,9]
[3452:29300:0823/100857.805:WARNING:browser_info.cc(345)] Returning a speculative frame for [9,9]
[3452:29300:0823/100857.805:WARNING:browser_info.cc(345)] Returning a speculative frame for [9,9]
[3452:34704:0823/100857.818:WARNING:browser_info.cc(345)] Returning a speculative frame for [9,9]
[18456:18076:0823/100859.467:WARNING:codec.cc(525)] Explicitly added H264 constrained baseline to list of supported formats.
[18456:15096:0823/100859.542:WARNING:codec.cc(525)] Explicitly added H264 constrained baseline to list of supported formats.
[18456:15096:0823/100859.542:WARNING:codec.cc(525)] Explicitly added H264 constrained baseline to list of supported formats.
[18456:15096:0823/100859.543:WARNING:codec.cc(525)] Explicitly added H264 constrained baseline to list of supported formats.
[18456:18076:0823/100907.825:WARNING:codec.cc(525)] Explicitly added H264 constrained baseline to list of supported formats.
[18456:18076:0823/100907.836:WARNING:codec.cc(525)] Explicitly added H264 constrained baseline to list of supported formats.
[18456:15096:0823/100907.843:WARNING:codec.cc(525)] Explicitly added H264 constrained baseline to list of supported formats.
[18456:15096:0823/100907.843:WARNING:codec.cc(525)] Explicitly added H264 constrained baseline to list of supported formats.
[18456:15096:0823/100907.844:WARNING:codec.cc(525)] Explicitly added H264 constrained baseline to list of supported formats.
[3452:29300:0823/112604.015:ERROR:device_event_log_impl.cc(196)] [11:26:03.778] USB: usb_service_win.cc:105 SetupDiGetDeviceProperty({{A45C254E-DF1C-4EFD-8020-67D146A850E0}, 6}) failed: 找不到元素。 (0x490)
[3452:29300:0823/131240.387:ERROR:device_event_log_impl.cc(196)] [13:12:40.289] USB: usb_service_win.cc:105 SetupDiGetDeviceProperty({{A45C254E-DF1C-4EFD-8020-67D146A850E0}, 6}) failed: 找不到元素。 (0x490)
[3452:29300:0823/132800.663:WARNING:pref_notifier_impl.cc(41)] Pref observer for media_router.cast_allow_all_ips found at shutdown.
