[14836:5240:0822/202352.170:WARNING:chrome_main_delegate.cc(745)] This is Chrome version 128.0.6613.138 (not a warning)
[14836:7924:0822/202352.279:ERROR:google_update_settings.cc(265)] Failed opening key Software\Chromium to set usagestats; result: 5
[14836:5240:0822/202352.310:WARNING:account_consistency_mode_manager.cc(77)] Desktop Identity Consistency cannot be enabled as no OAuth client ID and client secret have been configured.
[14836:5240:0822/202401.948:ERROR:device_event_log_impl.cc(196)] [20:24:01.738] USB: usb_service_win.cc:105 SetupDiGetDeviceProperty({{A45C254E-DF1C-4EFD-8020-67D146A850E0}, 6}) failed: 找不到元素。 (0x490)
[22120:6680:0822/202404.544:WARNING:frame_impl.cc(430)] virtual CefFrameImpl::SendProcessMessage sent to detached frame 5-DC46AF73AF183901657A7B1EC8291ED3 will be ignored
[19228:24700:0822/202406.996:WARNING:codec.cc(525)] Explicitly added H264 constrained baseline to list of supported formats.
[19228:9136:0822/202407.023:WARNING:codec.cc(525)] Explicitly added H264 constrained baseline to list of supported formats.
[19228:9136:0822/202407.024:WARNING:codec.cc(525)] Explicitly added H264 constrained baseline to list of supported formats.
[19228:9136:0822/202407.024:WARNING:codec.cc(525)] Explicitly added H264 constrained baseline to list of supported formats.
[14836:3412:0822/202408.896:WARNING:browser_info.cc(345)] Returning a speculative frame for [8,9]
[14836:5240:0822/202411.878:WARNING:browser_info.cc(345)] Returning a speculative frame for [9,9]
[14836:5240:0822/202411.878:WARNING:browser_info.cc(345)] Returning a speculative frame for [9,9]
[14836:5240:0822/202411.878:WARNING:browser_info.cc(345)] Returning a speculative frame for [9,9]
[14836:5240:0822/202411.879:WARNING:browser_info.cc(345)] Returning a speculative frame for [9,9]
[14836:3412:0822/202411.886:WARNING:browser_info.cc(345)] Returning a speculative frame for [9,9]
[33668:31848:0822/202413.876:WARNING:codec.cc(525)] Explicitly added H264 constrained baseline to list of supported formats.
[33668:10360:0822/202413.931:WARNING:codec.cc(525)] Explicitly added H264 constrained baseline to list of supported formats.
[33668:10360:0822/202413.932:WARNING:codec.cc(525)] Explicitly added H264 constrained baseline to list of supported formats.
[33668:10360:0822/202413.932:WARNING:codec.cc(525)] Explicitly added H264 constrained baseline to list of supported formats.
[33668:31848:0822/202426.166:WARNING:codec.cc(525)] Explicitly added H264 constrained baseline to list of supported formats.
[33668:31848:0822/202426.170:WARNING:codec.cc(525)] Explicitly added H264 constrained baseline to list of supported formats.
[33668:10360:0822/202426.184:WARNING:codec.cc(525)] Explicitly added H264 constrained baseline to list of supported formats.
[33668:10360:0822/202426.185:WARNING:codec.cc(525)] Explicitly added H264 constrained baseline to list of supported formats.
[33668:10360:0822/202426.185:WARNING:codec.cc(525)] Explicitly added H264 constrained baseline to list of supported formats.
[17220:19396:0822/202636.245:ERROR:shared_image_manager.cc(224)] SharedImageManager::ProduceSkia: Trying to Produce a Skia representation from a non-existent mailbox.
[14836:5240:0822/211829.418:ERROR:device_event_log_impl.cc(196)] [21:18:29.352] USB: usb_service_win.cc:105 SetupDiGetDeviceProperty({{A45C254E-DF1C-4EFD-8020-67D146A850E0}, 6}) failed: 找不到元素。 (0x490)
[14836:5240:0822/230401.475:ERROR:device_event_log_impl.cc(196)] [23:04:01.358] USB: usb_service_win.cc:105 SetupDiGetDeviceProperty({{A45C254E-DF1C-4EFD-8020-67D146A850E0}, 6}) failed: 找不到元素。 (0x490)
[14836:5240:0822/232639.019:WARNING:pref_notifier_impl.cc(41)] Pref observer for media_router.cast_allow_all_ips found at shutdown.
